  Line 30) typeDeclaration.getTypeParameters().isEmpty() ==> java.util.List.isEmpty()
  Line 30) typeDeclaration.getTypeParameters() ==> com.github.javaparser.symbolsolver.model.declarations.TypeParametrizable.getTypeParameters()
  Line 44) findCommonType(variadicValues) ==> com.github.javaparser.symbolsolver.resolution.ConstructorResolutionLogic.findCommonType(java.util.List<com.github.javaparser.symbolsolver.model.typesystem.Type>)
  Line 31) declaringType().getPackageName() ==> com.github.javaparser.symbolsolver.model.declarations.TypeDeclaration.getPackageName()
