  Line 26) JavaParserFactory.getSymbolDeclarator(wrappedNode.getParameter(), typeSolver) ==> com.github.javaparser.symbolsolver.javaparsermodel.JavaParserFactory.getSymbolDeclarator(com.github.javaparser.ast.Node, com.github.javaparser.symbolsolver.model.resolution.TypeSolver)
  Line 26) wrappedNode.getParameter() ==> com.github.javaparser.ast.stmt.CatchClause.getParameter()
  Line 27) AbstractJavaParserContext.solveWith(sb, name) ==> com.github.javaparser.symbolsolver.javaparsermodel.contexts.AbstractJavaParserContext.solveWith(com.github.javaparser.symbolsolver.resolution.SymbolDeclarator, java.lang.String)
  Line 28) symbolReference.isSolved() ==> com.github.javaparser.symbolsolver.model.resolution.SymbolReference.isSolved()
  Line 33) getParent().solveSymbol(name, typeSolver) ==> com.github.javaparser.symbolsolver.core.resolution.Context.solveSymbol(java.lang.String, com.github.javaparser.symbolsolver.model.resolution.TypeSolver)
  Line 33) getParent() ==> com.github.javaparser.symbolsolver.javaparsermodel.contexts.AbstractJavaParserContext.getParent()
  Line 38) JavaParserFactory.getSymbolDeclarator(wrappedNode.getParameter(), typeSolver) ==> com.github.javaparser.symbolsolver.javaparsermodel.JavaParserFactory.getSymbolDeclarator(com.github.javaparser.ast.Node, com.github.javaparser.symbolsolver.model.resolution.TypeSolver)
  Line 38) wrappedNode.getParameter() ==> com.github.javaparser.ast.stmt.CatchClause.getParameter()
  Line 39) solveWithAsValue(sb, name, typeSolver) ==> com.github.javaparser.symbolsolver.javaparsermodel.contexts.AbstractJavaParserContext.solveWithAsValue(com.github.javaparser.symbolsolver.resolution.SymbolDeclarator, java.lang.String, com.github.javaparser.symbolsolver.model.resolution.TypeSolver)
  Line 40) symbolReference.isPresent() ==> java.util.Optional.isPresent()
  Line 46) getParent().solveSymbolAsValue(name, typeSolver) ==> com.github.javaparser.symbolsolver.core.resolution.Context.solveSymbolAsValue(java.lang.String, com.github.javaparser.symbolsolver.model.resolution.TypeSolver)
  Line 46) getParent() ==> com.github.javaparser.symbolsolver.javaparsermodel.contexts.AbstractJavaParserContext.getParent()
  Line 52) getParent().solveMethod(name, argumentsTypes, false, typeSolver) ==> com.github.javaparser.symbolsolver.core.resolution.Context.solveMethod(java.lang.String, java.util.List<com.github.javaparser.symbolsolver.model.typesystem.Type>, boolean, com.github.javaparser.symbolsolver.model.resolution.TypeSolver)
  Line 52) getParent() ==> com.github.javaparser.symbolsolver.javaparsermodel.contexts.AbstractJavaParserContext.getParent()
