  Line 58) getParentNode(wrappedNode) ==> com.github.javaparser.symbolsolver.javaparser.Navigator.getParentNode(com.github.javaparser.ast.Node)
  Line 59) getParentNode(wrappedNode) ==> com.github.javaparser.symbolsolver.javaparser.Navigator.getParentNode(com.github.javaparser.ast.Node)
  Line 62) JavaParserFactory.toTypeDeclaration(getParentNode(wrappedNode), typeSolver) ==> com.github.javaparser.symbolsolver.javaparsermodel.JavaParserFactory.toTypeDeclaration(com.github.javaparser.ast.Node, com.github.javaparser.symbolsolver.model.resolution.TypeSolver)
  Line 62) getParentNode(wrappedNode) ==> com.github.javaparser.symbolsolver.javaparser.Navigator.getParentNode(com.github.javaparser.ast.Node)
  Line 68) JavaParserFacade.get(typeSolver).convert(wrappedNode.getType(), getContext()) ==> com.github.javaparser.symbolsolver.javaparsermodel.JavaParserFacade.convert(com.github.javaparser.ast.type.Type, com.github.javaparser.symbolsolver.core.resolution.Context)
  Line 68) JavaParserFacade.get(typeSolver) ==> com.github.javaparser.symbolsolver.javaparsermodel.JavaParserFacade.get(com.github.javaparser.symbolsolver.model.resolution.TypeSolver)
  Line 68) wrappedNode.getType() ==> com.github.javaparser.ast.body.MethodDeclaration.getType()
  Line 68) getContext() ==> com.github.javaparser.symbolsolver.javaparsermodel.declarations.JavaParserMethodDeclaration.getContext()
  Line 73) wrappedNode.getParameters().size() ==> com.github.javaparser.ast.NodeList.size()
  Line 73) wrappedNode.getParameters() ==> com.github.javaparser.ast.body.CallableDeclaration.getParameters()
  Line 78) getNumberOfParams() ==> com.github.javaparser.symbolsolver.javaparsermodel.declarations.JavaParserMethodDeclaration.getNumberOfParams()
  Line 79) String.format("No param with index %d. Number of params: %d", i, getNumberOfParams()) ==> java.lang.String.format(java.lang.String, java.lang.Object...)
  Line 79) getNumberOfParams() ==> com.github.javaparser.symbolsolver.javaparsermodel.declarations.JavaParserMethodDeclaration.getNumberOfParams()
  Line 81) wrappedNode.getParameters().get(i) ==> com.github.javaparser.ast.NodeList.get(int)
  Line 81) wrappedNode.getParameters() ==> com.github.javaparser.ast.body.CallableDeclaration.getParameters()
  Line 89) new MethodDeclarationCommonLogic(this, typeSolver).resolveTypeVariables(context, parameterTypes) ==> com.github.javaparser.symbolsolver.declarations.common.MethodDeclarationCommonLogic.resolveTypeVariables(com.github.javaparser.symbolsolver.core.resolution.Context, java.util.List<com.github.javaparser.symbolsolver.model.typesystem.Type>)
  Line 93) JavaParserFactory.getContext(wrappedNode, typeSolver) ==> com.github.javaparser.symbolsolver.javaparsermodel.JavaParserFactory.getContext(com.github.javaparser.ast.Node, com.github.javaparser.symbolsolver.model.resolution.TypeSolver)
  Line 98) wrappedNode.getBody().isPresent() ==> java.util.Optional.isPresent()
  Line 98) wrappedNode.getBody() ==> com.github.javaparser.ast.body.MethodDeclaration.getBody()
  Line 103) wrappedNode.getName().getId() ==> com.github.javaparser.ast.nodeTypes.NodeWithIdentifier.getId()
  Line 103) wrappedNode.getName() ==> com.github.javaparser.ast.body.CallableDeclaration.getName()
  Line 123) this.wrappedNode.getTypeParameters().stream().map((astTp) -> new JavaParserTypeParameter(astTp, typeSolver)).collect(Collectors.toList()) ==> java.util.stream.Stream.collect(java.util.stream.Collector<? super T, A, R>)
  Line 123) this.wrappedNode.getTypeParameters().stream().map((astTp) -> new JavaParserTypeParameter(astTp, typeSolver)) ==> java.util.stream.Stream.map(java.util.function.Function<? super T, ? extends R>)
  Line 123) this.wrappedNode.getTypeParameters().stream() ==> java.util.Collection.stream()
  Line 123) this.wrappedNode.getTypeParameters() ==> com.github.javaparser.ast.body.CallableDeclaration.getTypeParameters()
  Line 123) Collectors.toList() ==> java.util.stream.Collectors.toList()
  Line 128) wrappedNode.isDefault() ==> com.github.javaparser.ast.body.MethodDeclaration.isDefault()
  Line 133) wrappedNode.isStatic() ==> com.github.javaparser.ast.nodeTypes.modifiers.NodeWithStaticModifier.isStatic()
  Line 147) Helper.toAccessLevel(wrappedNode.getModifiers()) ==> com.github.javaparser.symbolsolver.javaparsermodel.declarations.Helper.toAccessLevel(java.util.EnumSet<com.github.javaparser.ast.Modifier>)
  Line 147) wrappedNode.getModifiers() ==> com.github.javaparser.ast.body.CallableDeclaration.getModifiers()
