
[ Class com.github.javaparser.ast.expr.NameExpr ]
  superclass: com.github.javaparser.ast.expr.Expression
  superclass: com.github.javaparser.ast.Node
  superclass: java.lang.Object
  interface: com.github.javaparser.ast.NamedNode
  interface: java.lang.Cloneable
  Line 39) this.name = name ==> java.lang.String
  Line 44) beginLine ==> int
  Line 44) beginColumn ==> int
  Line 44) endLine ==> int
  Line 44) endColumn ==> int
  Line 45) this.name = name ==> java.lang.String
  Line 49) v.visit(this, arg) ==> R
  Line 53) v.visit(this, arg) ==> void
  Line 57) name ==> java.lang.String
  Line 61) this.name = name ==> java.lang.String
