  Line 50) ((JavassistClassDeclaration) typeDeclaration).solveMethodAsUsage(name, argumentsTypes, typeSolver, invokationContext, typeParameters) ==> com.github.javaparser.symbolsolver.javassistmodel.JavassistClassDeclaration.solveMethodAsUsage(java.lang.String, java.util.List<com.github.javaparser.symbolsolver.model.typesystem.Type>, com.github.javaparser.symbolsolver.model.resolution.TypeSolver, com.github.javaparser.symbolsolver.core.resolution.Context, java.util.List<com.github.javaparser.symbolsolver.model.typesystem.Type>)
  Line 145) javaParserTypeAdapter.getClassName() ==> com.github.javaparser.symbolsolver.javaparsermodel.declarations.JavaParserTypeAdapter.getClassName()
  Line 150) javaParserTypeAdapter.getQualifiedName() ==> com.github.javaparser.symbolsolver.javaparsermodel.declarations.JavaParserTypeAdapter.getQualifiedName()
  Line 155) javaParserTypeAdapter.isAssignableBy(other) ==> com.github.javaparser.symbolsolver.javaparsermodel.declarations.JavaParserTypeAdapter.isAssignableBy(com.github.javaparser.symbolsolver.model.declarations.ReferenceTypeDeclaration)
  Line 52) ((JavassistInterfaceDeclaration) typeDeclaration).solveMethodAsUsage(name, argumentsTypes, typeSolver, invokationContext, typeParameters) ==> com.github.javaparser.symbolsolver.javassistmodel.JavassistInterfaceDeclaration.solveMethodAsUsage(java.lang.String, java.util.List<com.github.javaparser.symbolsolver.model.typesystem.Type>, com.github.javaparser.symbolsolver.model.resolution.TypeSolver, com.github.javaparser.symbolsolver.core.resolution.Context, java.util.List<com.github.javaparser.symbolsolver.model.typesystem.Type>)
  Line 160) javaParserTypeAdapter.isAssignableBy(type) ==> com.github.javaparser.symbolsolver.javaparsermodel.declarations.JavaParserTypeAdapter.isAssignableBy(com.github.javaparser.symbolsolver.model.typesystem.Type)
  Line 171) getClass() ==> java.lang.Object.getClass()
  Line 54) ((JavassistEnumDeclaration) typeDeclaration).solveMethodAsUsage(name, argumentsTypes, typeSolver, invokationContext, typeParameters) ==> com.github.javaparser.symbolsolver.javassistmodel.JavassistEnumDeclaration.solveMethodAsUsage(java.lang.String, java.util.List<com.github.javaparser.symbolsolver.model.typesystem.Type>, com.github.javaparser.symbolsolver.model.resolution.TypeSolver, com.github.javaparser.symbolsolver.core.resolution.Context, java.util.List<com.github.javaparser.symbolsolver.model.typesystem.Type>)
  Line 171) o.getClass() ==> java.lang.Object.getClass()
  Line 56) ((ReflectionClassDeclaration) typeDeclaration).solveMethodAsUsage(name, argumentsTypes, typeSolver, invokationContext, typeParameters) ==> com.github.javaparser.symbolsolver.reflectionmodel.ReflectionClassDeclaration.solveMethodAsUsage(java.lang.String, java.util.List<com.github.javaparser.symbolsolver.model.typesystem.Type>, com.github.javaparser.symbolsolver.model.resolution.TypeSolver, com.github.javaparser.symbolsolver.core.resolution.Context, java.util.List<com.github.javaparser.symbolsolver.model.typesystem.Type>)
  Line 58) ((ReflectionInterfaceDeclaration) typeDeclaration).solveMethodAsUsage(name, argumentsTypes, typeSolver, invokationContext, typeParameters) ==> com.github.javaparser.symbolsolver.reflectionmodel.ReflectionInterfaceDeclaration.solveMethodAsUsage(java.lang.String, java.util.List<com.github.javaparser.symbolsolver.model.typesystem.Type>, com.github.javaparser.symbolsolver.model.resolution.TypeSolver, com.github.javaparser.symbolsolver.core.resolution.Context, java.util.List<com.github.javaparser.symbolsolver.model.typesystem.Type>)
  Line 60) ((ReflectionEnumDeclaration) typeDeclaration).solveMethodAsUsage(name, argumentsTypes, typeSolver, invokationContext, typeParameters) ==> com.github.javaparser.symbolsolver.reflectionmodel.ReflectionEnumDeclaration.solveMethodAsUsage(java.lang.String, java.util.List<com.github.javaparser.symbolsolver.model.typesystem.Type>, com.github.javaparser.symbolsolver.model.resolution.TypeSolver, com.github.javaparser.symbolsolver.core.resolution.Context, java.util.List<com.github.javaparser.symbolsolver.model.typesystem.Type>)
  Line 62) ((JavaParserClassDeclaration) typeDeclaration).getContext().solveMethodAsUsage(name, argumentsTypes, typeSolver) ==> com.github.javaparser.symbolsolver.core.resolution.Context.solveMethodAsUsage(java.lang.String, java.util.List<com.github.javaparser.symbolsolver.model.typesystem.Type>, com.github.javaparser.symbolsolver.model.resolution.TypeSolver)
  Line 62) ((JavaParserClassDeclaration) typeDeclaration).getContext() ==> com.github.javaparser.symbolsolver.javaparsermodel.declarations.JavaParserClassDeclaration.getContext()
  Line 64) ((JavaParserInterfaceDeclaration) typeDeclaration).getContext().solveMethodAsUsage(name, argumentsTypes, typeSolver) ==> com.github.javaparser.symbolsolver.core.resolution.Context.solveMethodAsUsage(java.lang.String, java.util.List<com.github.javaparser.symbolsolver.model.typesystem.Type>, com.github.javaparser.symbolsolver.model.resolution.TypeSolver)
  Line 64) ((JavaParserInterfaceDeclaration) typeDeclaration).getContext() ==> com.github.javaparser.symbolsolver.javaparsermodel.declarations.JavaParserInterfaceDeclaration.getContext()
  Line 175) wrappedNode.equals(that.wrappedNode) ==> com.github.javaparser.ast.Node.equals(java.lang.Object)
  Line 66) ((JavaParserEnumDeclaration) typeDeclaration).getContext().solveMethodAsUsage(name, argumentsTypes, typeSolver) ==> com.github.javaparser.symbolsolver.core.resolution.Context.solveMethodAsUsage(java.lang.String, java.util.List<com.github.javaparser.symbolsolver.model.typesystem.Type>, com.github.javaparser.symbolsolver.model.resolution.TypeSolver)
  Line 66) ((JavaParserEnumDeclaration) typeDeclaration).getContext() ==> com.github.javaparser.symbolsolver.javaparsermodel.declarations.JavaParserEnumDeclaration.getContext()
  Line 68) typeDeclaration.toString() ==> java.lang.Object.toString()
