  Line 62) FunctionalInterfaceLogic.getFunctionalMethod(this) ==> com.github.javaparser.symbolsolver.logic.FunctionalInterfaceLogic.getFunctionalMethod(com.github.javaparser.symbolsolver.model.declarations.ReferenceTypeDeclaration)
  Line 13) o1.getName().compareTo(o2.getName()) ==> java.lang.String.compareTo(java.lang.String)
  Line 42) Arrays.stream(parameterizedType.getActualTypeArguments()).map((t) -> ReflectionFactory.typeUsageFor(t, typeSolver)) ==> java.util.stream.Stream.map(java.util.function.Function<? super T, ? extends R>)
