  Line 39) setValue(value) ==> com.github.javaparser.ast.expr.BooleanLiteralExpr.setValue(boolean)
  Line 44) setValue(value) ==> com.github.javaparser.ast.expr.BooleanLiteralExpr.setValue(boolean)
  Line 49) v.visit(this, arg) ==> com.github.javaparser.ast.visitor.GenericVisitor.visit(com.github.javaparser.ast.expr.BooleanLiteralExpr, A)
  Line 54) v.visit(this, arg) ==> com.github.javaparser.ast.visitor.VoidVisitor.visit(com.github.javaparser.ast.expr.BooleanLiteralExpr, A)
