  Line 43) setExpr(expr) ==> com.github.javaparser.ast.stmt.SynchronizedStmt.setExpr(com.github.javaparser.ast.expr.Expression)
  Line 44) setBlock(block) ==> com.github.javaparser.ast.stmt.SynchronizedStmt.setBlock(com.github.javaparser.ast.stmt.BlockStmt)
  Line 50) setExpr(expr) ==> com.github.javaparser.ast.stmt.SynchronizedStmt.setExpr(com.github.javaparser.ast.expr.Expression)
  Line 51) setBlock(block) ==> com.github.javaparser.ast.stmt.SynchronizedStmt.setBlock(com.github.javaparser.ast.stmt.BlockStmt)
  Line 56) v.visit(this, arg) ==> com.github.javaparser.ast.visitor.GenericVisitor.visit(com.github.javaparser.ast.stmt.SynchronizedStmt, A)
  Line 61) v.visit(this, arg) ==> com.github.javaparser.ast.visitor.VoidVisitor.visit(com.github.javaparser.ast.stmt.SynchronizedStmt, A)
  Line 84) setAsParentNodeOf(this.block) ==> com.github.javaparser.ast.Node.setAsParentNodeOf(com.github.javaparser.ast.Node)
  Line 90) setAsParentNodeOf(this.expr) ==> com.github.javaparser.ast.Node.setAsParentNodeOf(com.github.javaparser.ast.Node)
  Line 102) setAsParentNodeOf(this.block) ==> com.github.javaparser.ast.Node.setAsParentNodeOf(com.github.javaparser.ast.Node)
